--- 2025-12-19 08:19:24 ---
Array
(
    [MIBDIRS] => C:/xampp1/php/extras/mibs
    [MYSQL_HOME] => \xampp\mysql\bin
    [OPENSSL_CONF] => C:/xampp1/apache/bin/openssl.cnf
    [PHP_PEAR_SYSCONF_DIR] => \xampp\php
    [PHPRC] => \xampp\php
    [TMP] => \xampp\tmp
    [HTTP_HOST] => localhost
    [HTTP_CONNECTION] => keep-alive
    [CONTENT_LENGTH] => 326
    [HTTP_SEC_CH_UA_PLATFORM] => "Windows"
    [HTTP_USER_AGENT] => Mozilla/5.0 (Windows NT 10.0; Win64; x64) AppleWebKit/537.36 (KHTML, like Gecko) Chrome/143.0.0.0 Safari/537.36
    [HTTP_SEC_CH_UA] => "Google Chrome";v="143", "Chromium";v="143", "Not A(Brand";v="24"
    [CONTENT_TYPE] => multipart/form-data; boundary=----WebKitFormBoundaryd4gfGYhJIWajW1Mh
    [HTTP_SEC_CH_UA_MOBILE] => ?0
    [HTTP_ACCEPT] => */*
    [HTTP_ORIGIN] => http://localhost
    [HTTP_SEC_FETCH_SITE] => same-origin
    [HTTP_SEC_FETCH_MODE] => cors
    [HTTP_SEC_FETCH_DEST] => empty
    [HTTP_REFERER] => http://localhost/DuAnThucTap_2/index.php
    [HTTP_ACCEPT_ENCODING] => gzip, deflate, br, zstd
    [HTTP_ACCEPT_LANGUAGE] => vi-VN,vi;q=0.9,fr-FR;q=0.8,fr;q=0.7,en-US;q=0.6,en;q=0.5
    [HTTP_COOKIE] => PHPSESSID=ak896h58q15no02pavlaq13j14
    [PATH] => C:\WINDOWS\system32;C:\WINDOWS;C:\WINDOWS\System32\Wbem;C:\WINDOWS\System32\WindowsPowerShell\v1.0\;C:\WINDOWS\System32\OpenSSH\;C:\cmder;C:\Program Files\Docker\Docker\resources\bin;C:\Program Files\Git\cmd;C:\Program Files\nodejs\;C:\php-8.2.28-nts-Win32-vs16-x64;C:\ProgramData\ComposerSetup\bin;C:\Program Files\CMake\bin;C:\Users\Hong Son\AppData\Local\Programs\Python\Python314\Scripts\;C:\Users\Hong Son\AppData\Local\Programs\Python\Python314\;C:\Users\Hong Son\AppData\Local\Microsoft\WindowsApps;C:\Users\Hong Son\AppData\Local\Programs\Microsoft VS Code\bin;C:\Users\Hong Son\AppData\Roaming\npm;C:\Users\Hong Son\AppData\Roaming\Composer\vendor\bin;
    [SystemRoot] => C:\WINDOWS
    [COMSPEC] => C:\WINDOWS\system32\cmd.exe
    [PATHEXT] => .COM;.EXE;.BAT;.CMD;.VBS;.VBE;.JS;.JSE;.WSF;.WSH;.MSC
    [WINDIR] => C:\WINDOWS
    [SERVER_SIGNATURE] => <address>Apache/2.4.58 (Win64) OpenSSL/3.1.3 PHP/8.2.12 Server at localhost Port 80</address>

    [SERVER_SOFTWARE] => Apache/2.4.58 (Win64) OpenSSL/3.1.3 PHP/8.2.12
    [SERVER_NAME] => localhost
    [SERVER_ADDR] => ::1
    [SERVER_PORT] => 80
    [REMOTE_ADDR] => ::1
    [DOCUMENT_ROOT] => C:/xampp1/htdocs
    [REQUEST_SCHEME] => http
    [CONTEXT_PREFIX] => 
    [CONTEXT_DOCUMENT_ROOT] => C:/xampp1/htdocs
    [SERVER_ADMIN] => postmaster@localhost
    [SCRIPT_FILENAME] => C:/xampp1/htdocs/DuAnThucTap_2/app/api/cart_actions.php
    [REMOTE_PORT] => 57730
    [GATEWAY_INTERFACE] => CGI/1.1
    [SERVER_PROTOCOL] => HTTP/1.1
    [REQUEST_METHOD] => POST
    [QUERY_STRING] => 
    [REQUEST_URI] => /DuAnThucTap_2/app/api/cart_actions.php
    [SCRIPT_NAME] => /DuAnThucTap_2/app/api/cart_actions.php
    [PHP_SELF] => /DuAnThucTap_2/app/api/cart_actions.php
    [REQUEST_TIME_FLOAT] => 1766128764.0737
    [REQUEST_TIME] => 1766128764
)

--- 2025-12-19 08:19:26 ---
Array
(
    [MIBDIRS] => C:/xampp1/php/extras/mibs
    [MYSQL_HOME] => \xampp\mysql\bin
    [OPENSSL_CONF] => C:/xampp1/apache/bin/openssl.cnf
    [PHP_PEAR_SYSCONF_DIR] => \xampp\php
    [PHPRC] => \xampp\php
    [TMP] => \xampp\tmp
    [HTTP_HOST] => localhost
    [HTTP_CONNECTION] => keep-alive
    [CONTENT_LENGTH] => 326
    [HTTP_SEC_CH_UA_PLATFORM] => "Windows"
    [HTTP_USER_AGENT] => Mozilla/5.0 (Windows NT 10.0; Win64; x64) AppleWebKit/537.36 (KHTML, like Gecko) Chrome/143.0.0.0 Safari/537.36
    [HTTP_SEC_CH_UA] => "Google Chrome";v="143", "Chromium";v="143", "Not A(Brand";v="24"
    [CONTENT_TYPE] => multipart/form-data; boundary=----WebKitFormBoundaryNMezUHVgTTbrb4qm
    [HTTP_SEC_CH_UA_MOBILE] => ?0
    [HTTP_ACCEPT] => */*
    [HTTP_ORIGIN] => http://localhost
    [HTTP_SEC_FETCH_SITE] => same-origin
    [HTTP_SEC_FETCH_MODE] => cors
    [HTTP_SEC_FETCH_DEST] => empty
    [HTTP_REFERER] => http://localhost/DuAnThucTap_2/index.php
    [HTTP_ACCEPT_ENCODING] => gzip, deflate, br, zstd
    [HTTP_ACCEPT_LANGUAGE] => vi-VN,vi;q=0.9,fr-FR;q=0.8,fr;q=0.7,en-US;q=0.6,en;q=0.5
    [HTTP_COOKIE] => PHPSESSID=ak896h58q15no02pavlaq13j14
    [PATH] => C:\WINDOWS\system32;C:\WINDOWS;C:\WINDOWS\System32\Wbem;C:\WINDOWS\System32\WindowsPowerShell\v1.0\;C:\WINDOWS\System32\OpenSSH\;C:\cmder;C:\Program Files\Docker\Docker\resources\bin;C:\Program Files\Git\cmd;C:\Program Files\nodejs\;C:\php-8.2.28-nts-Win32-vs16-x64;C:\ProgramData\ComposerSetup\bin;C:\Program Files\CMake\bin;C:\Users\Hong Son\AppData\Local\Programs\Python\Python314\Scripts\;C:\Users\Hong Son\AppData\Local\Programs\Python\Python314\;C:\Users\Hong Son\AppData\Local\Microsoft\WindowsApps;C:\Users\Hong Son\AppData\Local\Programs\Microsoft VS Code\bin;C:\Users\Hong Son\AppData\Roaming\npm;C:\Users\Hong Son\AppData\Roaming\Composer\vendor\bin;
    [SystemRoot] => C:\WINDOWS
    [COMSPEC] => C:\WINDOWS\system32\cmd.exe
    [PATHEXT] => .COM;.EXE;.BAT;.CMD;.VBS;.VBE;.JS;.JSE;.WSF;.WSH;.MSC
    [WINDIR] => C:\WINDOWS
    [SERVER_SIGNATURE] => <address>Apache/2.4.58 (Win64) OpenSSL/3.1.3 PHP/8.2.12 Server at localhost Port 80</address>

    [SERVER_SOFTWARE] => Apache/2.4.58 (Win64) OpenSSL/3.1.3 PHP/8.2.12
    [SERVER_NAME] => localhost
    [SERVER_ADDR] => ::1
    [SERVER_PORT] => 80
    [REMOTE_ADDR] => ::1
    [DOCUMENT_ROOT] => C:/xampp1/htdocs
    [REQUEST_SCHEME] => http
    [CONTEXT_PREFIX] => 
    [CONTEXT_DOCUMENT_ROOT] => C:/xampp1/htdocs
    [SERVER_ADMIN] => postmaster@localhost
    [SCRIPT_FILENAME] => C:/xampp1/htdocs/DuAnThucTap_2/app/api/cart_actions.php
    [REMOTE_PORT] => 57730
    [GATEWAY_INTERFACE] => CGI/1.1
    [SERVER_PROTOCOL] => HTTP/1.1
    [REQUEST_METHOD] => POST
    [QUERY_STRING] => 
    [REQUEST_URI] => /DuAnThucTap_2/app/api/cart_actions.php
    [SCRIPT_NAME] => /DuAnThucTap_2/app/api/cart_actions.php
    [PHP_SELF] => /DuAnThucTap_2/app/api/cart_actions.php
    [REQUEST_TIME_FLOAT] => 1766128766.1393
    [REQUEST_TIME] => 1766128766
)

--- 2025-12-19 08:19:27 ---
Array
(
    [MIBDIRS] => C:/xampp1/php/extras/mibs
    [MYSQL_HOME] => \xampp\mysql\bin
    [OPENSSL_CONF] => C:/xampp1/apache/bin/openssl.cnf
    [PHP_PEAR_SYSCONF_DIR] => \xampp\php
    [PHPRC] => \xampp\php
    [TMP] => \xampp\tmp
    [HTTP_HOST] => localhost
    [HTTP_CONNECTION] => keep-alive
    [CONTENT_LENGTH] => 326
    [HTTP_SEC_CH_UA_PLATFORM] => "Windows"
    [HTTP_USER_AGENT] => Mozilla/5.0 (Windows NT 10.0; Win64; x64) AppleWebKit/537.36 (KHTML, like Gecko) Chrome/143.0.0.0 Safari/537.36
    [HTTP_SEC_CH_UA] => "Google Chrome";v="143", "Chromium";v="143", "Not A(Brand";v="24"
    [CONTENT_TYPE] => multipart/form-data; boundary=----WebKitFormBoundaryZe2Fc3YW5RxO3IGQ
    [HTTP_SEC_CH_UA_MOBILE] => ?0
    [HTTP_ACCEPT] => */*
    [HTTP_ORIGIN] => http://localhost
    [HTTP_SEC_FETCH_SITE] => same-origin
    [HTTP_SEC_FETCH_MODE] => cors
    [HTTP_SEC_FETCH_DEST] => empty
    [HTTP_REFERER] => http://localhost/DuAnThucTap_2/index.php
    [HTTP_ACCEPT_ENCODING] => gzip, deflate, br, zstd
    [HTTP_ACCEPT_LANGUAGE] => vi-VN,vi;q=0.9,fr-FR;q=0.8,fr;q=0.7,en-US;q=0.6,en;q=0.5
    [HTTP_COOKIE] => PHPSESSID=ak896h58q15no02pavlaq13j14
    [PATH] => C:\WINDOWS\system32;C:\WINDOWS;C:\WINDOWS\System32\Wbem;C:\WINDOWS\System32\WindowsPowerShell\v1.0\;C:\WINDOWS\System32\OpenSSH\;C:\cmder;C:\Program Files\Docker\Docker\resources\bin;C:\Program Files\Git\cmd;C:\Program Files\nodejs\;C:\php-8.2.28-nts-Win32-vs16-x64;C:\ProgramData\ComposerSetup\bin;C:\Program Files\CMake\bin;C:\Users\Hong Son\AppData\Local\Programs\Python\Python314\Scripts\;C:\Users\Hong Son\AppData\Local\Programs\Python\Python314\;C:\Users\Hong Son\AppData\Local\Microsoft\WindowsApps;C:\Users\Hong Son\AppData\Local\Programs\Microsoft VS Code\bin;C:\Users\Hong Son\AppData\Roaming\npm;C:\Users\Hong Son\AppData\Roaming\Composer\vendor\bin;
    [SystemRoot] => C:\WINDOWS
    [COMSPEC] => C:\WINDOWS\system32\cmd.exe
    [PATHEXT] => .COM;.EXE;.BAT;.CMD;.VBS;.VBE;.JS;.JSE;.WSF;.WSH;.MSC
    [WINDIR] => C:\WINDOWS
    [SERVER_SIGNATURE] => <address>Apache/2.4.58 (Win64) OpenSSL/3.1.3 PHP/8.2.12 Server at localhost Port 80</address>

    [SERVER_SOFTWARE] => Apache/2.4.58 (Win64) OpenSSL/3.1.3 PHP/8.2.12
    [SERVER_NAME] => localhost
    [SERVER_ADDR] => ::1
    [SERVER_PORT] => 80
    [REMOTE_ADDR] => ::1
    [DOCUMENT_ROOT] => C:/xampp1/htdocs
    [REQUEST_SCHEME] => http
    [CONTEXT_PREFIX] => 
    [CONTEXT_DOCUMENT_ROOT] => C:/xampp1/htdocs
    [SERVER_ADMIN] => postmaster@localhost
    [SCRIPT_FILENAME] => C:/xampp1/htdocs/DuAnThucTap_2/app/api/cart_actions.php
    [REMOTE_PORT] => 57730
    [GATEWAY_INTERFACE] => CGI/1.1
    [SERVER_PROTOCOL] => HTTP/1.1
    [REQUEST_METHOD] => POST
    [QUERY_STRING] => 
    [REQUEST_URI] => /DuAnThucTap_2/app/api/cart_actions.php
    [SCRIPT_NAME] => /DuAnThucTap_2/app/api/cart_actions.php
    [PHP_SELF] => /DuAnThucTap_2/app/api/cart_actions.php
    [REQUEST_TIME_FLOAT] => 1766128767.6667
    [REQUEST_TIME] => 1766128767
)

--- 2025-12-19 08:23:15 ---
Array
(
    [MIBDIRS] => C:/xampp1/php/extras/mibs
    [MYSQL_HOME] => \xampp\mysql\bin
    [OPENSSL_CONF] => C:/xampp1/apache/bin/openssl.cnf
    [PHP_PEAR_SYSCONF_DIR] => \xampp\php
    [PHPRC] => \xampp\php
    [TMP] => \xampp\tmp
    [HTTP_HOST] => localhost
    [HTTP_CONNECTION] => keep-alive
    [CONTENT_LENGTH] => 326
    [HTTP_SEC_CH_UA_PLATFORM] => "Windows"
    [HTTP_USER_AGENT] => Mozilla/5.0 (Windows NT 10.0; Win64; x64) AppleWebKit/537.36 (KHTML, like Gecko) Chrome/143.0.0.0 Safari/537.36
    [HTTP_SEC_CH_UA] => "Google Chrome";v="143", "Chromium";v="143", "Not A(Brand";v="24"
    [CONTENT_TYPE] => multipart/form-data; boundary=----WebKitFormBoundaryCvoAUw96Mc8zvkkV
    [HTTP_SEC_CH_UA_MOBILE] => ?0
    [HTTP_ACCEPT] => */*
    [HTTP_ORIGIN] => http://localhost
    [HTTP_SEC_FETCH_SITE] => same-origin
    [HTTP_SEC_FETCH_MODE] => cors
    [HTTP_SEC_FETCH_DEST] => empty
    [HTTP_REFERER] => http://localhost/DuAnThucTap_2/index.php
    [HTTP_ACCEPT_ENCODING] => gzip, deflate, br, zstd
    [HTTP_ACCEPT_LANGUAGE] => vi-VN,vi;q=0.9,fr-FR;q=0.8,fr;q=0.7,en-US;q=0.6,en;q=0.5
    [HTTP_COOKIE] => PHPSESSID=ak896h58q15no02pavlaq13j14
    [PATH] => C:\WINDOWS\system32;C:\WINDOWS;C:\WINDOWS\System32\Wbem;C:\WINDOWS\System32\WindowsPowerShell\v1.0\;C:\WINDOWS\System32\OpenSSH\;C:\cmder;C:\Program Files\Docker\Docker\resources\bin;C:\Program Files\Git\cmd;C:\Program Files\nodejs\;C:\php-8.2.28-nts-Win32-vs16-x64;C:\ProgramData\ComposerSetup\bin;C:\Program Files\CMake\bin;C:\Users\Hong Son\AppData\Local\Programs\Python\Python314\Scripts\;C:\Users\Hong Son\AppData\Local\Programs\Python\Python314\;C:\Users\Hong Son\AppData\Local\Microsoft\WindowsApps;C:\Users\Hong Son\AppData\Local\Programs\Microsoft VS Code\bin;C:\Users\Hong Son\AppData\Roaming\npm;C:\Users\Hong Son\AppData\Roaming\Composer\vendor\bin;
    [SystemRoot] => C:\WINDOWS
    [COMSPEC] => C:\WINDOWS\system32\cmd.exe
    [PATHEXT] => .COM;.EXE;.BAT;.CMD;.VBS;.VBE;.JS;.JSE;.WSF;.WSH;.MSC
    [WINDIR] => C:\WINDOWS
    [SERVER_SIGNATURE] => <address>Apache/2.4.58 (Win64) OpenSSL/3.1.3 PHP/8.2.12 Server at localhost Port 80</address>

    [SERVER_SOFTWARE] => Apache/2.4.58 (Win64) OpenSSL/3.1.3 PHP/8.2.12
    [SERVER_NAME] => localhost
    [SERVER_ADDR] => ::1
    [SERVER_PORT] => 80
    [REMOTE_ADDR] => ::1
    [DOCUMENT_ROOT] => C:/xampp1/htdocs
    [REQUEST_SCHEME] => http
    [CONTEXT_PREFIX] => 
    [CONTEXT_DOCUMENT_ROOT] => C:/xampp1/htdocs
    [SERVER_ADMIN] => postmaster@localhost
    [SCRIPT_FILENAME] => C:/xampp1/htdocs/DuAnThucTap_2/app/api/cart_actions.php
    [REMOTE_PORT] => 52867
    [GATEWAY_INTERFACE] => CGI/1.1
    [SERVER_PROTOCOL] => HTTP/1.1
    [REQUEST_METHOD] => POST
    [QUERY_STRING] => 
    [REQUEST_URI] => /DuAnThucTap_2/app/api/cart_actions.php
    [SCRIPT_NAME] => /DuAnThucTap_2/app/api/cart_actions.php
    [PHP_SELF] => /DuAnThucTap_2/app/api/cart_actions.php
    [REQUEST_TIME_FLOAT] => 1766128995.3795
    [REQUEST_TIME] => 1766128995
)

--- 2025-12-19 08:23:18 ---
Array
(
    [MIBDIRS] => C:/xampp1/php/extras/mibs
    [MYSQL_HOME] => \xampp\mysql\bin
    [OPENSSL_CONF] => C:/xampp1/apache/bin/openssl.cnf
    [PHP_PEAR_SYSCONF_DIR] => \xampp\php
    [PHPRC] => \xampp\php
    [TMP] => \xampp\tmp
    [HTTP_HOST] => localhost
    [HTTP_CONNECTION] => keep-alive
    [CONTENT_LENGTH] => 326
    [HTTP_SEC_CH_UA_PLATFORM] => "Windows"
    [HTTP_USER_AGENT] => Mozilla/5.0 (Windows NT 10.0; Win64; x64) AppleWebKit/537.36 (KHTML, like Gecko) Chrome/143.0.0.0 Safari/537.36
    [HTTP_SEC_CH_UA] => "Google Chrome";v="143", "Chromium";v="143", "Not A(Brand";v="24"
    [CONTENT_TYPE] => multipart/form-data; boundary=----WebKitFormBoundary9VvpTg8yBhwEXxXz
    [HTTP_SEC_CH_UA_MOBILE] => ?0
    [HTTP_ACCEPT] => */*
    [HTTP_ORIGIN] => http://localhost
    [HTTP_SEC_FETCH_SITE] => same-origin
    [HTTP_SEC_FETCH_MODE] => cors
    [HTTP_SEC_FETCH_DEST] => empty
    [HTTP_REFERER] => http://localhost/DuAnThucTap_2/index.php
    [HTTP_ACCEPT_ENCODING] => gzip, deflate, br, zstd
    [HTTP_ACCEPT_LANGUAGE] => vi-VN,vi;q=0.9,fr-FR;q=0.8,fr;q=0.7,en-US;q=0.6,en;q=0.5
    [HTTP_COOKIE] => PHPSESSID=ak896h58q15no02pavlaq13j14
    [PATH] => C:\WINDOWS\system32;C:\WINDOWS;C:\WINDOWS\System32\Wbem;C:\WINDOWS\System32\WindowsPowerShell\v1.0\;C:\WINDOWS\System32\OpenSSH\;C:\cmder;C:\Program Files\Docker\Docker\resources\bin;C:\Program Files\Git\cmd;C:\Program Files\nodejs\;C:\php-8.2.28-nts-Win32-vs16-x64;C:\ProgramData\ComposerSetup\bin;C:\Program Files\CMake\bin;C:\Users\Hong Son\AppData\Local\Programs\Python\Python314\Scripts\;C:\Users\Hong Son\AppData\Local\Programs\Python\Python314\;C:\Users\Hong Son\AppData\Local\Microsoft\WindowsApps;C:\Users\Hong Son\AppData\Local\Programs\Microsoft VS Code\bin;C:\Users\Hong Son\AppData\Roaming\npm;C:\Users\Hong Son\AppData\Roaming\Composer\vendor\bin;
    [SystemRoot] => C:\WINDOWS
    [COMSPEC] => C:\WINDOWS\system32\cmd.exe
    [PATHEXT] => .COM;.EXE;.BAT;.CMD;.VBS;.VBE;.JS;.JSE;.WSF;.WSH;.MSC
    [WINDIR] => C:\WINDOWS
    [SERVER_SIGNATURE] => <address>Apache/2.4.58 (Win64) OpenSSL/3.1.3 PHP/8.2.12 Server at localhost Port 80</address>

    [SERVER_SOFTWARE] => Apache/2.4.58 (Win64) OpenSSL/3.1.3 PHP/8.2.12
    [SERVER_NAME] => localhost
    [SERVER_ADDR] => ::1
    [SERVER_PORT] => 80
    [REMOTE_ADDR] => ::1
    [DOCUMENT_ROOT] => C:/xampp1/htdocs
    [REQUEST_SCHEME] => http
    [CONTEXT_PREFIX] => 
    [CONTEXT_DOCUMENT_ROOT] => C:/xampp1/htdocs
    [SERVER_ADMIN] => postmaster@localhost
    [SCRIPT_FILENAME] => C:/xampp1/htdocs/DuAnThucTap_2/app/api/cart_actions.php
    [REMOTE_PORT] => 52867
    [GATEWAY_INTERFACE] => CGI/1.1
    [SERVER_PROTOCOL] => HTTP/1.1
    [REQUEST_METHOD] => POST
    [QUERY_STRING] => 
    [REQUEST_URI] => /DuAnThucTap_2/app/api/cart_actions.php
    [SCRIPT_NAME] => /DuAnThucTap_2/app/api/cart_actions.php
    [PHP_SELF] => /DuAnThucTap_2/app/api/cart_actions.php
    [REQUEST_TIME_FLOAT] => 1766128998.6753
    [REQUEST_TIME] => 1766128998
)

--- 2025-12-19 08:23:20 ---
Array
(
    [MIBDIRS] => C:/xampp1/php/extras/mibs
    [MYSQL_HOME] => \xampp\mysql\bin
    [OPENSSL_CONF] => C:/xampp1/apache/bin/openssl.cnf
    [PHP_PEAR_SYSCONF_DIR] => \xampp\php
    [PHPRC] => \xampp\php
    [TMP] => \xampp\tmp
    [HTTP_HOST] => localhost
    [HTTP_CONNECTION] => keep-alive
    [CONTENT_LENGTH] => 326
    [HTTP_SEC_CH_UA_PLATFORM] => "Windows"
    [HTTP_USER_AGENT] => Mozilla/5.0 (Windows NT 10.0; Win64; x64) AppleWebKit/537.36 (KHTML, like Gecko) Chrome/143.0.0.0 Safari/537.36
    [HTTP_SEC_CH_UA] => "Google Chrome";v="143", "Chromium";v="143", "Not A(Brand";v="24"
    [CONTENT_TYPE] => multipart/form-data; boundary=----WebKitFormBoundaryBoM1hfIEqL2iAwdU
    [HTTP_SEC_CH_UA_MOBILE] => ?0
    [HTTP_ACCEPT] => */*
    [HTTP_ORIGIN] => http://localhost
    [HTTP_SEC_FETCH_SITE] => same-origin
    [HTTP_SEC_FETCH_MODE] => cors
    [HTTP_SEC_FETCH_DEST] => empty
    [HTTP_REFERER] => http://localhost/DuAnThucTap_2/index.php
    [HTTP_ACCEPT_ENCODING] => gzip, deflate, br, zstd
    [HTTP_ACCEPT_LANGUAGE] => vi-VN,vi;q=0.9,fr-FR;q=0.8,fr;q=0.7,en-US;q=0.6,en;q=0.5
    [HTTP_COOKIE] => PHPSESSID=ak896h58q15no02pavlaq13j14
    [PATH] => C:\WINDOWS\system32;C:\WINDOWS;C:\WINDOWS\System32\Wbem;C:\WINDOWS\System32\WindowsPowerShell\v1.0\;C:\WINDOWS\System32\OpenSSH\;C:\cmder;C:\Program Files\Docker\Docker\resources\bin;C:\Program Files\Git\cmd;C:\Program Files\nodejs\;C:\php-8.2.28-nts-Win32-vs16-x64;C:\ProgramData\ComposerSetup\bin;C:\Program Files\CMake\bin;C:\Users\Hong Son\AppData\Local\Programs\Python\Python314\Scripts\;C:\Users\Hong Son\AppData\Local\Programs\Python\Python314\;C:\Users\Hong Son\AppData\Local\Microsoft\WindowsApps;C:\Users\Hong Son\AppData\Local\Programs\Microsoft VS Code\bin;C:\Users\Hong Son\AppData\Roaming\npm;C:\Users\Hong Son\AppData\Roaming\Composer\vendor\bin;
    [SystemRoot] => C:\WINDOWS
    [COMSPEC] => C:\WINDOWS\system32\cmd.exe
    [PATHEXT] => .COM;.EXE;.BAT;.CMD;.VBS;.VBE;.JS;.JSE;.WSF;.WSH;.MSC
    [WINDIR] => C:\WINDOWS
    [SERVER_SIGNATURE] => <address>Apache/2.4.58 (Win64) OpenSSL/3.1.3 PHP/8.2.12 Server at localhost Port 80</address>

    [SERVER_SOFTWARE] => Apache/2.4.58 (Win64) OpenSSL/3.1.3 PHP/8.2.12
    [SERVER_NAME] => localhost
    [SERVER_ADDR] => ::1
    [SERVER_PORT] => 80
    [REMOTE_ADDR] => ::1
    [DOCUMENT_ROOT] => C:/xampp1/htdocs
    [REQUEST_SCHEME] => http
    [CONTEXT_PREFIX] => 
    [CONTEXT_DOCUMENT_ROOT] => C:/xampp1/htdocs
    [SERVER_ADMIN] => postmaster@localhost
    [SCRIPT_FILENAME] => C:/xampp1/htdocs/DuAnThucTap_2/app/api/cart_actions.php
    [REMOTE_PORT] => 52867
    [GATEWAY_INTERFACE] => CGI/1.1
    [SERVER_PROTOCOL] => HTTP/1.1
    [REQUEST_METHOD] => POST
    [QUERY_STRING] => 
    [REQUEST_URI] => /DuAnThucTap_2/app/api/cart_actions.php
    [SCRIPT_NAME] => /DuAnThucTap_2/app/api/cart_actions.php
    [PHP_SELF] => /DuAnThucTap_2/app/api/cart_actions.php
    [REQUEST_TIME_FLOAT] => 1766129000.4739
    [REQUEST_TIME] => 1766129000
)

